LineBreakpoint created at inlineFunThisKotlinVariables.kt:12
Run Java
Connected to the target VM
inlineFunThisKotlinVariables.kt:12
KotlinStackFrame (inlineFunThisKotlinVariables.kt:12)
    JavaValue[local] this: inlineFunThisKotlinVariables.Different
        DummyMessageValueNode = Class has no fields
Disconnected from the target VM

Process finished with exit code 0
1
